{"ts": "2026-06-29T03:13:16+00:00", "where": "taxonomy.loaded", "n_groups": 5}
{"ts": "2026-06-29T03:13:17+00:00", "where": "list.rendered", "n": 4, "total": 4}
{"ts": "2026-06-29T03:13:34+00:00", "where": "openWork.start", "wid": "rembrandt-jewish-bride"}
{"ts": "2026-06-29T03:13:34+00:00", "where": "openWork.http_fail", "status": 404}
{"ts": "2026-08-01T20:45:59+00:00", "where": "list.rendered", "n": 0, "total": 0}
{"ts": "2026-08-01T20:45:59+00:00", "where": "taxonomy.loaded", "n_groups": 5}
{"ts": "2026-08-01T20:48:13+00:00", "where": "taxonomy.loaded", "n_groups": 5}
{"ts": "2026-08-01T20:48:13+00:00", "where": "list.rendered", "n": 50, "total": 3385}
{"ts": "2026-08-01T20:49:01+00:00", "where": "list.rendered", "n": 50, "total": 58}
{"ts": "2026-08-01T20:49:16+00:00", "where": "openWork.start", "wid": "2fe5487-the-painter-and-the-buyer-elder"}
{"ts": "2026-08-01T20:49:16+00:00", "where": "openWork.loaded", "wid": "2fe5487-the-painter-and-the-buyer-elder", "title": "The Painter and The Buyer"}
{"ts": "2026-08-01T20:51:31+00:00", "where": "taxonomy.loaded", "n_groups": 5}
{"ts": "2026-08-01T20:51:31+00:00", "where": "list.rendered", "n": 50, "total": 3385}
{"ts": "2026-08-01T20:51:37+00:00", "where": "openWork.start", "wid": "00197a8-the-harvest-of-wheat-benton"}
{"ts": "2026-08-01T20:51:37+00:00", "where": "openWork.loaded", "wid": "00197a8-the-harvest-of-wheat-benton", "title": "The harvest of wheat"}
{"ts": "2026-08-01T20:55:10+00:00", "where": "list.rendered", "n": 50, "total": 3385}
{"ts": "2026-08-01T20:55:10+00:00", "where": "taxonomy.loaded", "n_groups": 5}
{"ts": "2026-08-01T20:55:59+00:00", "where": "taxonomy.loaded", "n_groups": 5}
{"ts": "2026-08-01T20:55:59+00:00", "where": "list.rendered", "n": 50, "total": 3385}
{"ts": "2026-08-01T20:58:19+00:00", "where": "list.rendered", "n": 50, "total": 3385}
{"ts": "2026-08-01T20:58:41+00:00", "where": "taxonomy.loaded", "n_groups": 5}
{"ts": "2026-08-01T20:58:41+00:00", "where": "list.rendered", "n": 50, "total": 3385}
{"ts": "2026-08-01T20:58:51+00:00", "where": "openWork.start", "wid": "9c7c861-the-hunters-in-the-snow-elder"}
{"ts": "2026-08-01T20:58:51+00:00", "where": "openWork.loaded", "wid": "9c7c861-the-hunters-in-the-snow-elder", "title": "The Hunters in the Snow"}
{"ts": "2026-08-01T20:59:17+00:00", "where": "list.rendered", "n": 50, "total": 3385}
{"ts": "2026-08-01T20:59:23+00:00", "where": "taxonomy.loaded", "n_groups": 5}
{"ts": "2026-08-01T20:59:23+00:00", "where": "list.rendered", "n": 50, "total": 3385}
{"ts": "2026-08-01T20:59:24+00:00", "where": "taxonomy.loaded", "n_groups": 5}
{"ts": "2026-08-01T20:59:24+00:00", "where": "list.rendered", "n": 50, "total": 3385}
{"ts": "2026-08-01T20:59:27+00:00", "where": "openWork.start", "wid": "9c7c861-the-hunters-in-the-snow-elder"}
{"ts": "2026-08-01T20:59:27+00:00", "where": "openWork.loaded", "wid": "9c7c861-the-hunters-in-the-snow-elder", "title": "The Hunters in the Snow"}
{"ts": "2026-08-01T21:03:29+00:00", "where": "openWork.start", "wid": "e01d018-the-massacre-of-the-innocents-elder"}
{"ts": "2026-08-01T21:03:29+00:00", "where": "openWork.loaded", "wid": "e01d018-the-massacre-of-the-innocents-elder", "title": "The Massacre of the Innocents"}
{"ts": "2026-08-01T21:08:18+00:00", "where": "openWork.start", "wid": "f10d238-the-land-of-cockaigne-elder"}
{"ts": "2026-08-01T21:08:18+00:00", "where": "openWork.loaded", "wid": "f10d238-the-land-of-cockaigne-elder", "title": "The Land of Cockaigne"}
{"ts": "2026-08-01T21:09:56+00:00", "where": "openWork.start", "wid": "f52d3cb-the-gloomy-day-elder"}
{"ts": "2026-08-01T21:09:56+00:00", "where": "openWork.loaded", "wid": "f52d3cb-the-gloomy-day-elder", "title": "The Gloomy Day"}
{"ts": "2026-08-01T21:25:28+00:00", "where": "taxonomy.loaded", "n_groups": 5}
{"ts": "2026-08-01T21:25:28+00:00", "where": "list.rendered", "n": 50, "total": 3385}
{"ts": "2026-08-01T21:25:28+00:00", "where": "openWork.start", "wid": "9c7c861-the-hunters-in-the-snow-elder"}
{"ts": "2026-08-01T21:25:28+00:00", "where": "openWork.loaded", "wid": "9c7c861-the-hunters-in-the-snow-elder", "title": "The Hunters in the Snow"}
{"ts": "2026-08-01T21:25:29+00:00", "where": "openWork.start", "wid": "f52d3cb-the-gloomy-day-elder"}
{"ts": "2026-08-01T21:25:29+00:00", "where": "openWork.loaded", "wid": "f52d3cb-the-gloomy-day-elder", "title": "The Gloomy Day"}
{"ts": "2026-08-01T21:28:54+00:00", "where": "openWork.start", "wid": "729b996-the-procession-to-calvary-elder"}
{"ts": "2026-08-01T21:28:54+00:00", "where": "openWork.loaded", "wid": "729b996-the-procession-to-calvary-elder", "title": "The Procession to Calvary"}
{"ts": "2026-08-01T21:31:16+00:00", "where": "openWork.start", "wid": "c083a6a-christ-and-the-woman-taken-in-adultery-elder"}
{"ts": "2026-08-01T21:31:16+00:00", "where": "openWork.loaded", "wid": "c083a6a-christ-and-the-woman-taken-in-adultery-elder", "title": "Christ and the Woman Taken in Adultery"}
{"ts": "2026-08-01T21:33:55+00:00", "where": "openWork.start", "wid": "4a65717-the-wedding-dance-elder"}
{"ts": "2026-08-01T21:33:55+00:00", "where": "openWork.loaded", "wid": "4a65717-the-wedding-dance-elder", "title": "The Wedding Dance"}
{"ts": "2026-08-01T21:35:00+00:00", "where": "openWork.start", "wid": "4f78568-the-beggars-elder"}
{"ts": "2026-08-01T21:35:00+00:00", "where": "openWork.loaded", "wid": "4f78568-the-beggars-elder", "title": "The Beggars"}
{"ts": "2026-08-01T21:36:40+00:00", "where": "openWork.start", "wid": "d6ac0cd-the-adoration-of-the-kings-elder"}
{"ts": "2026-08-01T21:36:40+00:00", "where": "openWork.loaded", "wid": "d6ac0cd-the-adoration-of-the-kings-elder", "title": "The Adoration of the Kings"}
{"ts": "2026-08-01T21:43:42+00:00", "where": "openWork.start", "wid": "def2eda-naval-battle-in-the-gulf-of-naples-elder"}
{"ts": "2026-08-01T21:43:42+00:00", "where": "openWork.loaded", "wid": "def2eda-naval-battle-in-the-gulf-of-naples-elder", "title": "Naval Battle in the Gulf of Naples"}
{"ts": "2026-08-01T21:45:18+00:00", "where": "openWork.start", "wid": "c3747e2-two-chained-monkeys-elder"}
{"ts": "2026-08-01T21:45:18+00:00", "where": "openWork.loaded", "wid": "c3747e2-two-chained-monkeys-elder", "title": "Two Chained Monkeys"}
{"ts": "2026-08-01T21:46:01+00:00", "where": "openWork.start", "wid": "1a404cb-head-of-peasant-elder"}
{"ts": "2026-08-01T21:46:01+00:00", "where": "openWork.loaded", "wid": "1a404cb-head-of-peasant-elder", "title": "Head of Peasant"}
{"ts": "2026-08-01T21:46:52+00:00", "where": "openWork.start", "wid": "4e71227-the-tower-of-babel-elder"}
{"ts": "2026-08-01T21:46:52+00:00", "where": "openWork.loaded", "wid": "4e71227-the-tower-of-babel-elder", "title": "The Tower of Babel"}
{"ts": "2026-08-01T21:48:28+00:00", "where": "openWork.start", "wid": "08aa0a4-christ-and-apostles-at-the-sea-of-galilee-elder"}
{"ts": "2026-08-01T21:48:28+00:00", "where": "openWork.loaded", "wid": "08aa0a4-christ-and-apostles-at-the-sea-of-galilee-elder", "title": "Christ and Apostles at the Sea of Galilee"}
{"ts": "2026-08-01T21:50:05+00:00", "where": "openWork.start", "wid": "96fed17-big-fish-eat-little-fish-elder"}
{"ts": "2026-08-01T21:50:05+00:00", "where": "openWork.loaded", "wid": "96fed17-big-fish-eat-little-fish-elder", "title": "Big Fish Eat Little Fish"}
{"ts": "2026-08-01T21:51:16+00:00", "where": "openWork.start", "wid": "2fe5487-the-painter-and-the-buyer-elder"}
{"ts": "2026-08-01T21:51:16+00:00", "where": "openWork.loaded", "wid": "2fe5487-the-painter-and-the-buyer-elder", "title": "The Painter and The Buyer"}
{"ts": "2026-08-01T21:52:40+00:00", "where": "openWork.start", "wid": "168153f-sloth-elder"}
{"ts": "2026-08-01T21:52:40+00:00", "where": "openWork.loaded", "wid": "168153f-sloth-elder", "title": "Sloth"}
{"ts": "2026-08-01T21:54:30+00:00", "where": "openWork.start", "wid": "5d4e7d0-spring-elder"}
{"ts": "2026-08-01T21:54:30+00:00", "where": "openWork.loaded", "wid": "5d4e7d0-spring-elder", "title": "Spring"}
{"ts": "2026-08-02T00:21:46+00:00", "where": "openWork.start", "wid": "22c2172-sloth-elder"}
{"ts": "2026-08-02T00:21:46+00:00", "where": "openWork.loaded", "wid": "22c2172-sloth-elder", "title": "Sloth"}
{"ts": "2026-08-02T00:22:56+00:00", "where": "openWork.start", "wid": "c499de5-charity-elder"}
{"ts": "2026-08-02T00:22:56+00:00", "where": "openWork.loaded", "wid": "c499de5-charity-elder", "title": "Charity"}
{"ts": "2026-08-02T00:32:29+00:00", "where": "list.rendered", "n": 50, "total": 3374}
{"ts": "2026-08-02T00:32:29+00:00", "where": "taxonomy.loaded", "n_groups": 5}
{"ts": "2026-08-02T00:32:31+00:00", "where": "openWork.start", "wid": "9c7c861-the-hunters-in-the-snow-elder"}
{"ts": "2026-08-02T00:32:31+00:00", "where": "openWork.loaded", "wid": "9c7c861-the-hunters-in-the-snow-elder", "title": "The Hunters in the Snow"}
{"ts": "2026-08-02T00:33:23+00:00", "where": "openWork.start", "wid": "028b81b-irises-gogh"}
{"ts": "2026-08-02T00:33:23+00:00", "where": "openWork.loaded", "wid": "028b81b-irises-gogh", "title": "Irises"}
{"ts": "2026-08-02T00:36:12+00:00", "where": "taxonomy.loaded", "n_groups": 5}
{"ts": "2026-08-02T00:36:12+00:00", "where": "list.rendered", "n": 50, "total": 3374}
{"ts": "2026-08-02T00:36:13+00:00", "where": "openWork.start", "wid": "9c7c861-the-hunters-in-the-snow-elder"}
{"ts": "2026-08-02T00:36:13+00:00", "where": "openWork.start", "wid": "028b81b-irises-gogh"}
{"ts": "2026-08-02T00:36:13+00:00", "where": "openWork.loaded", "wid": "9c7c861-the-hunters-in-the-snow-elder", "title": "The Hunters in the Snow"}
{"ts": "2026-08-02T00:36:13+00:00", "where": "openWork.loaded", "wid": "028b81b-irises-gogh", "title": "Irises"}
